// Jest Snapshot v1, https://goo.gl/fbAQLP

exports[`Main components matches snapshot 1`] = `
<div>
  <main>
    <div
      class="navbar"
    >
      <a
        href="/"
      >
        <i
          class="fa-solid fa-arrow-left"
          id="back-button"
        />
      </a>
      <h3>
        All Countries
      </h3>
      <div
        class="nav-right"
      >
        <a
          href="/underContruction"
        >
          <i
            class="fa-solid fa-microphone"
          />
        </a>
        <a
          href="/underContruction"
        >
          <i
            class="fa-solid fa-gear"
          />
        </a>
      </div>
    </div>
    <div
      class="form"
    >
      <input
        class="input"
        placeholder="Search Country"
        type="text"
        value=""
      />
      <small>
        Search by LowerCase letters
      </small>
    </div>
    <div
      class="main-content"
    >
      <div>
        Loading ..
      </div>
    </div>
  </main>
</div>
`;
